smash> smash pid is 9258
smash> smash pid is 9258
smash> smash> smash pid is 9258
smash> smash pid is 9258
smash> smash pid is 9258
smash> smash> 