smash> smash> smash> signal number 1 was sent to pid 9775
smash> 