smash> smash: got ctrl-Z
smash: process 9300 was stopped
smash> [1] sleep 100 : 9300 0 secs (stopped)
smash> sleep 100 : 9300
smash> [1] sleep 100 : 9300 0 secs
smash> smash: sending SIGKILL signal to 1 jobs:
9300: sleep 100
