smash> smash> smash> smash> smash> smash> sleep 300& : 9445
smash: got ctrl-C
smash: process 9445 was killed
smash> [1] sleep 100& : 9443 0 secs
[2] sleep 200& : 9444 0 secs
[4] sleep 400& : 9446 0 secs
[5] sleep 500& : 9447 0 secs
smash> sleep 100& : 9443
smash: got ctrl-C
smash: process 9443 was killed
smash> [2] sleep 200& : 9444 1 secs
[4] sleep 400& : 9446 1 secs
[5] sleep 500& : 9447 1 secs
smash> sleep 200& : 9444
smash: got ctrl-C
smash: process 9444 was killed
smash> [4] sleep 400& : 9446 1 secs
[5] sleep 500& : 9447 1 secs
smash> sleep 500& : 9447
smash: got ctrl-C
smash: process 9447 was killed
smash> [4] sleep 400& : 9446 2 secs
smash> sleep 400& : 9446
smash: got ctrl-C
smash: process 9446 was killed
smash> smash> smash: sending SIGKILL signal to 0 jobs:
