smash> smash: got ctrl-Z
smash: process 9316 was stopped
smash> smash: got ctrl-Z
smash: process 9387 was stopped
smash> smash: got ctrl-Z
smash: process 9456 was stopped
smash> smash: got ctrl-Z
smash: process 9479 was stopped
smash> smash: got ctrl-Z
smash: process 9506 was stopped
smash> [1] sleep 100 : 9316 2 secs (stopped)
[2] sleep 200 : 9387 1 secs (stopped)
[3] sleep 300 : 9456 1 secs (stopped)
[4] sleep 400 : 9479 0 secs (stopped)
[5] sleep 500 : 9506 0 secs (stopped)
smash> sleep 300 : 9456
smash> sleep 400 : 9479
smash> sleep 200 : 9387
smash> sleep 500 : 9506
smash> sleep 100 : 9316
smash> [1] sleep 100 : 9316 2 secs
[2] sleep 200 : 9387 1 secs
[3] sleep 300 : 9456 1 secs
[4] sleep 400 : 9479 0 secs
[5] sleep 500 : 9506 0 secs
smash> smash: sending SIGKILL signal to 5 jobs:
9316: sleep 100
9387: sleep 200
9456: sleep 300
9479: sleep 400
9506: sleep 500
