smash> smash> smash> smash> smash> smash> smash> smash> smash> smash> smash> smash> smash> smash> signal number 9 was sent to pid 9244
smash> smash> smash> smash> smash> [1] sleep 7& : 9511 1 secs
smash> smash> [1] sleep 7& : 9511 1 secs
[2] sleep 5& : 9574 0 secs
smash> smash> [1] sleep 7& : 9511 2 secs
[2] sleep 5& : 9574 1 secs
[3] sleep 3& : 9575 1 secs
smash> smash> smash> 