smash> smash> smash> [1] sleep 100& : 9760 0 secs
[2] sleep 200& : 9761 0 secs
smash> 