smash> smash> smash> smash> smash> smash> smash> smash> [1] sleep 100& : 9229 0 secs
[2] sleep 200& : 9230 0 secs
[3] sleep 300& : 9231 0 secs
[4] sleep 400& : 9232 0 secs
[5] sleep 500& : 9233 0 secs
[6] sleep 600& : 9234 0 secs
[7] sleep 700& : 9235 0 secs
smash> smash> smash> [1] sleep 100& : 9229 0 secs
[2] sleep 200& : 9230 0 secs
[3] sleep 300& : 9231 0 secs
[4] sleep 400& : 9232 0 secs
[5] sleep 500& : 9233 0 secs
[6] sleep 600& : 9234 0 secs
[7] sleep 700& : 9235 0 secs
[8] sleep 800& : 9236 0 secs
[9] sleep 900& : 9238 0 secs
smash> signal number 9 was sent to pid 9231
smash> [1] sleep 100& : 9229 1 secs
[2] sleep 200& : 9230 1 secs
[4] sleep 400& : 9232 1 secs
[5] sleep 500& : 9233 1 secs
[6] sleep 600& : 9234 1 secs
[7] sleep 700& : 9235 1 secs
[8] sleep 800& : 9236 1 secs
[9] sleep 900& : 9238 1 secs
smash> smash> [1] sleep 100& : 9229 1 secs
[2] sleep 200& : 9230 1 secs
[4] sleep 400& : 9232 1 secs
[5] sleep 500& : 9233 1 secs
[6] sleep 600& : 9234 1 secs
[7] sleep 700& : 9235 1 secs
[8] sleep 800& : 9236 1 secs
[9] sleep 900& : 9238 1 secs
[10] sleep 1000& : 9458 0 secs
smash> signal number 9 was sent to pid 9458
smash> [1] sleep 100& : 9229 2 secs
[2] sleep 200& : 9230 2 secs
[4] sleep 400& : 9232 2 secs
[5] sleep 500& : 9233 2 secs
[6] sleep 600& : 9234 2 secs
[7] sleep 700& : 9235 2 secs
[8] sleep 800& : 9236 2 secs
[9] sleep 900& : 9238 2 secs
smash> smash> [1] sleep 100& : 9229 2 secs
[2] sleep 200& : 9230 2 secs
[4] sleep 400& : 9232 2 secs
[5] sleep 500& : 9233 2 secs
[6] sleep 600& : 9234 2 secs
[7] sleep 700& : 9235 2 secs
[8] sleep 800& : 9236 2 secs
[9] sleep 900& : 9238 2 secs
[10] sleep 1001& : 9517 0 secs
smash> sleep 1001& : 9517
smash: got ctrl-Z
smash: process 9517 was stopped
smash> [1] sleep 100& : 9229 3 secs
[2] sleep 200& : 9230 3 secs
[4] sleep 400& : 9232 3 secs
[5] sleep 500& : 9233 3 secs
[6] sleep 600& : 9234 3 secs
[7] sleep 700& : 9235 3 secs
[8] sleep 800& : 9236 3 secs
[9] sleep 900& : 9238 3 secs
[10] sleep 1001& : 9517 0 secs (stopped)
smash> sleep 1001& : 9517
smash: got ctrl-Z
smash: process 9517 was stopped
smash> [1] sleep 100& : 9229 3 secs
[2] sleep 200& : 9230 3 secs
[4] sleep 400& : 9232 3 secs
[5] sleep 500& : 9233 3 secs
[6] sleep 600& : 9234 3 secs
[7] sleep 700& : 9235 3 secs
[8] sleep 800& : 9236 3 secs
[9] sleep 900& : 9238 3 secs
[10] sleep 1001& : 9517 0 secs (stopped)
smash> sleep 1001& : 9517
smash: got ctrl-Z
smash: process 9517 was stopped
smash> [1] sleep 100& : 9229 4 secs
[2] sleep 200& : 9230 4 secs
[4] sleep 400& : 9232 4 secs
[5] sleep 500& : 9233 4 secs
[6] sleep 600& : 9234 4 secs
[7] sleep 700& : 9235 4 secs
[8] sleep 800& : 9236 4 secs
[9] sleep 900& : 9238 4 secs
[10] sleep 1001& : 9517 0 secs (stopped)
smash> sleep 1001& : 9517
smash: got ctrl-Z
smash: process 9517 was stopped
smash> [1] sleep 100& : 9229 4 secs
[2] sleep 200& : 9230 4 secs
[4] sleep 400& : 9232 4 secs
[5] sleep 500& : 9233 4 secs
[6] sleep 600& : 9234 4 secs
[7] sleep 700& : 9235 4 secs
[8] sleep 800& : 9236 4 secs
[9] sleep 900& : 9238 4 secs
[10] sleep 1001& : 9517 0 secs (stopped)
smash> smash: got ctrl-C
[1] sleep 100& : 9229 5 secs
[2] sleep 200& : 9230 5 secs
[4] sleep 400& : 9232 5 secs
[5] sleep 500& : 9233 5 secs
[6] sleep 600& : 9234 5 secs
[7] sleep 700& : 9235 5 secs
[8] sleep 800& : 9236 5 secs
[9] sleep 900& : 9238 5 secs
[10] sleep 1001& : 9517 1 secs (stopped)
smash> 