smash> smash> smash> [1] sleep 10& : 9710 0 secs
smash> smash> [1] sleep 10& : 9710 0 secs
[2] sleep 20& : 9711 0 secs
smash> smash> smash> [1] sleep 10& : 9710 0 secs
[2] sleep 20& : 9711 0 secs
[3] sleep 30& : 9713 0 secs
[4] sleep 40& : 9714 0 secs
smash> smash: sending SIGKILL signal to 4 jobs:
9710: sleep 10&
9711: sleep 20&
9713: sleep 30&
9714: sleep 40&
