smash> submitted by Eran
smash> smash> smash: got ctrl-Z
smash: process 9314 was stopped
smash> smash> [1] sleep 100 : 9314 0 secs (stopped)
[2] sleep 200& : 9388 0 secs
smash> smash> smash> smash> sleep 100 : 9314
smash> [1] sleep 100 : 9314 0 secs
[2] sleep 200& : 9388 0 secs
smash> smash: got ctrl-Z
smash: process 9389 was stopped
smash> smash: got ctrl-Z
smash: process 9457 was stopped
smash> smash> sleep 400 : 9457
smash> [1] sleep 100 : 9314 2 secs
[2] sleep 200& : 9388 2 secs
[3] sleep 300 : 9389 1 secs (stopped)
[4] sleep 400 : 9457 0 secs
[5] sleep 500& : 9480 0 secs
smash> smash: sending SIGKILL signal to 5 jobs:
9314: sleep 100
9388: sleep 200&
9389: sleep 300
9457: sleep 400
9480: sleep 500&
