smash> submitted by Eran
smash> smash> smash> smash> smash> smash> sleep 200& : 9493
smash: got ctrl-Z
smash: process 9493 was stopped
smash> [1] sleep 100& : 9492 1 secs
[2] sleep 200& : 9493 0 secs (stopped)
smash> sleep 100& : 9492
smash: got ctrl-C
smash: process 9492 was killed
smash> [2] sleep 200& : 9493 2 secs (stopped)
smash> smash> sleep 300& : 9662
smash: got ctrl-Z
smash: process 9662 was stopped
smash> [2] sleep 200& : 9493 3 secs (stopped)
[3] sleep 300& : 9662 0 secs (stopped)
smash> smash: sending SIGKILL signal to 2 jobs:
9493: sleep 200&
9662: sleep 300&
