smash> smash> smash> sleep 1& : 9587
smash> smash> 